node.exe : FAIL src/tests/vehicle/vehicleUpdate.test.js
At line:1 char:1
+ & "D:\Node/node.exe" "D:\Node/node_modules/npm/bin/npx-cli.js" jest - ...
+ ~~~~~~~~~~~~~~~~~~~~~~~~~~~~~~~~~~~~~~~~~~~~~~~~~~~~~~~~~~~~~~~~~~~~~
    + CategoryInfo          : NotSpecified: (FAIL src/tests/...eUpdate.test.js:String) [], RemoteException
    + FullyQualifiedErrorId : NativeCommandError
 
  ΓùÅ Console

    console.log
      Γùç injected env (3) from .env // tip: Γùê encrypted .env [www.dotenvx.com]

      at _log (node_modules/dotenv/lib/main.js:131:11)

    console.log
      MongoDB Connected Successfully

      at log (src/config/db.js:11:17)

  ΓùÅ Vehicle Update ΓÇ║ should reject salesperson from updating vehicle

    expect(received).toBe(expected) // Object.is equality

    Expected: 403
    Received: 400

    [0m [90m 70 |[39m             [33m.[39msend({})[33m;[39m
     [90m 71 |[39m
    [31m[1m>[22m[39m[90m 72 |[39m         
expect(response[33m.[39mstatusCode)[33m.[39mtoBe([35m403[39m)[33m;[39m
     [90m    |[39m                                     [31m[1m^[22m[39m
     [90m 73 |[39m
     [90m 74 |[39m         expect(response[33m.[39mbody[33m.[39mmessage)
     [90m 75 |[39m             [33m.[39mtoBe([32m"Access denied"[39m)[33m;[39m[0m

      at Object.toBe (src/tests/vehicle/vehicleUpdate.test.js:72:37)

PASS src/tests/auth/login.test.js
  ΓùÅ Console

    console.log
      Γùç injected env (3) from .env // tip: Γùê secrets for agents [www.dotenvx.com]

      at _log (node_modules/dotenv/lib/main.js:131:11)

    console.log
      MongoDB Connected Successfully

      at log (src/config/db.js:11:17)

PASS src/tests/auth/register.test.js
  ΓùÅ Console

    console.log
      Γùç injected env (3) from .env // tip: Γîÿ suppress logs { quiet: true }

      at _log (node_modules/dotenv/lib/main.js:131:11)

    console.log
      MongoDB Connected Successfully

      at log (src/config/db.js:11:17)

    console.error
      Error registering user: Error: Database Error
          at Object.<anonymous> (D:\car-dealership-inventory-system\backend\src\tests\auth\register.test.js:141:32)
          at Promise.finally.completed 
(D:\car-dealership-inventory-system\backend\node_modules\jest-circus\build\jestAdapterInit.js:1561:28)
          at new Promise (<anonymous>)
          at callAsyncCircusFn 
(D:\car-dealership-inventory-system\backend\node_modules\jest-circus\build\jestAdapterInit.js:1501:10)
          at _callCircusTest 
(D:\car-dealership-inventory-system\backend\node_modules\jest-circus\build\jestAdapterInit.js:1011:40)
          at processTicksAndRejections (node:internal/process/task_queues:105:5)
          at _runTest 
(D:\car-dealership-inventory-system\backend\node_modules\jest-circus\build\jestAdapterInit.js:951:3)
          at D:\car-dealership-inventory-system\backend\node_modules\jest-circus\build\jestAdapterInit.js:853:7
          at _runTestsForDescribeBlock 
(D:\car-dealership-inventory-system\backend\node_modules\jest-circus\build\jestAdapterInit.js:866:11)
          at _runTestsForDescribeBlock 
(D:\car-dealership-inventory-system\backend\node_modules\jest-circus\build\jestAdapterInit.js:861:11)
          at run (D:\car-dealership-inventory-system\backend\node_modules\jest-circus\build\jestAdapterInit.js:765:3)
          at runAndTransformResultsToJestFormat 
(D:\car-dealership-inventory-system\backend\node_modules\jest-circus\build\jestAdapterInit.js:1993:21)
          at jestAdapter (D:\car-dealership-inventory-system\backend\node_modules\jest-circus\build\runner.js:111:19)
          at runTestInternal 
(D:\car-dealership-inventory-system\backend\node_modules\jest-runner\build\index.js:276:16)
          at runTest (D:\car-dealership-inventory-system\backend\node_modules\jest-runner\build\index.js:344:7)

    [0m [90m 47 |[39m         })[33m;[39m
     [90m 48 |[39m     } [36mcatch[39m (error) {
    [31m[1m>[22m[39m[90m 49 |[39m         console[33m.[39merror([32m"Error registering user:"[39m[33m,[39m 
error)[33m;[39m
     [90m    |[39m                 [31m[1m^[22m[39m
     [90m 50 |[39m         res[33m.[39mstatus([35m500[39m)[33m.[39mjson({
     [90m 51 |[39m             message[33m:[39m [32m"Database Error"[39m[33m,[39m
     [90m 52 |[39m         })[33m;[39m[0m

      at error (src/controllers/authController.js:49:17)

PASS src/tests/vehicle/vehiclePurchase.test.js
  ΓùÅ Console

    console.log
      Γùç injected env (3) from .env // tip: Γùê secrets for agents [www.dotenvx.com]

      at _log (node_modules/dotenv/lib/main.js:131:11)

    console.log
      MongoDB Connected Successfully

      at log (src/config/db.js:11:17)

PASS src/tests/vehicle/vehicleRead.test.js
  ΓùÅ Console

    console.log
      Γùç injected env (3) from .env // tip: Γîü auth for agents [www.vestauth.com]

      at _log (node_modules/dotenv/lib/main.js:131:11)

    console.log
      MongoDB Connected Successfully

      at log (src/config/db.js:11:17)

PASS src/tests/vehicle/vehicleCreate.test.js
  ΓùÅ Console

    console.log
      Γùç injected env (3) from .env // tip: Γîÿ override existing { override: true }

      at _log (node_modules/dotenv/lib/main.js:131:11)

    console.log
      MongoDB Connected Successfully

      at log (src/config/db.js:11:17)

PASS src/tests/vehicle/vehicleRestock.test.js
  ΓùÅ Console

    console.log
      Γùç injected env (3) from .env // tip: Γîÿ suppress logs { quiet: true }

      at _log (node_modules/dotenv/lib/main.js:131:11)

    console.log
      MongoDB Connected Successfully

      at log (src/config/db.js:11:17)

PASS src/tests/vehicle/vehicleDelete.test.js
  ΓùÅ Console

    console.log
      Γùç injected env (3) from .env // tip: Γîÿ override existing { override: true }

      at _log (node_modules/dotenv/lib/main.js:131:11)

    console.log
      MongoDB Connected Successfully

      at log (src/config/db.js:11:17)

PASS src/tests/vehicle/vehicleSearch.test.js
  ΓùÅ Console

    console.log
      Γùç injected env (3) from .env // tip: Γîÿ multiple files { path: ['.env.local', '.env'] }

      at _log (node_modules/dotenv/lib/main.js:131:11)

    console.log
      MongoDB Connected Successfully

      at log (src/config/db.js:11:17)

PASS src/tests/auth/profile.test.js
  ΓùÅ Console

    console.log
      Γùç injected env (3) from .env // tip: Γîÿ override existing { override: true }

      at _log (node_modules/dotenv/lib/main.js:131:11)

    console.log
      MongoDB Connected Successfully

      at log (src/config/db.js:11:17)

PASS src/tests/auth/authMiddleware.test.js
  ΓùÅ Console

    console.log
      Γùç injected env (3) from .env // tip: Γîÿ override existing { override: true }

      at _log (node_modules/dotenv/lib/main.js:131:11)

    console.log
      MongoDB Connected Successfully

      at log (src/config/db.js:11:17)

PASS src/tests/auth/authorizeRoles.test.js
  ΓùÅ Console

    console.log
      Γùç injected env (3) from .env // tip: Γîÿ custom filepath { path: '/custom/path/.env' }

      at _log (node_modules/dotenv/lib/main.js:131:11)

    console.log
      MongoDB Connected Successfully

      at log (src/config/db.js:11:17)


Test Suites: 1 failed, 11 passed, 12 total
Tests:       1 failed, 65 passed, 66 total
Snapshots:   0 total
Time:        31.231 s
Ran all test suites.
